// Jest Snapshot v1, https://goo.gl/fbAQLP

exports[`should handle custom prefix and separator 1`] = `
".PF-container,
.PF-container-fluid {
  width: 100%;
  margin-right: auto;
  margin-left: auto;
  padding-right: var(--bs-gutter-x, calc(1em / 2));
  padding-left: var(--bs-gutter-x, calc(1em / 2));
}
.PF-container-mobile {
  width: 100%;
  margin-right: auto;
  margin-left: auto;
  padding-right: var(--bs-gutter-x, calc(1em / 2));
  padding-left: var(--bs-gutter-x, calc(1em / 2));
  max-width: 20em;
}
.PF-container-tablet {
  width: 100%;
  margin-right: auto;
  margin-left: auto;
  padding-right: var(--bs-gutter-x, calc(1em / 2));
  padding-left: var(--bs-gutter-x, calc(1em / 2));
  max-width: 40em;
}
.PF-container-desktop {
  width: 100%;
  margin-right: auto;
  margin-left: auto;
  padding-right: var(--bs-gutter-x, calc(1em / 2));
  padding-left: var(--bs-gutter-x, calc(1em / 2));
  max-width: 60em;
}
@media (min-width: 60em) {
  .PF-container {
    max-width: 20em;
  }
}
@media (min-width: 80em) {
  .PF-container {
    max-width: 40em;
  }
}
@media (min-width: 120em) {
  .PF-container {
    max-width: 60em;
  }
}
.PF-row {
  --bs-gutter-x: 1em;
  --bs-gutter-y: 0;
  display: flex;
  flex-wrap: wrap;
  margin-top: calc(var(--bs-gutter-y) * -1);
  margin-right: calc(var(--bs-gutter-x) / -2);
  margin-left: calc(var(--bs-gutter-x) / -2);
}
.PF-row > * {
  box-sizing: border-box;
  flex-shrink: 0;
  width: 100%;
  max-width: 100%;
  padding-right: calc(var(--bs-gutter-x) / 2);
  padding-left: calc(var(--bs-gutter-x) / 2);
  margin-top: var(--bs-gutter-y);
}
.PF-col {
  flex: 1 0 0%;
}
.PF-row-cols-auto > * {
  flex: 0 0 auto;
  width: auto;
}
.PF-row-cols-1 > * {
  flex: 0 0 auto;
  width: 100%;
}
.PF-col-auto {
  flex: 0 0 auto;
  width: auto;
}
.PF-col-1 {
  flex: 0 0 auto;
  width: 33.333333333333336%;
}
.PF-col-2 {
  flex: 0 0 auto;
  width: 66.66666666666667%;
}
.PF-col-3 {
  flex: 0 0 auto;
  width: 100%;
}
.PF-offset-0 {
  margin-left: 0%;
}
.PF-offset-1 {
  margin-left: 33.333333333333336%;
}
.PF-offset-2 {
  margin-left: 66.66666666666667%;
}
.PF-g-0,
.PF-gx-0 {
  --bs-gutter-x: 0;
}
.PF-g-0,
.PF-gy-0 {
  --bs-gutter-y: 0;
}
.PF-order-first {
  order: -1;
}
.PF-order-last {
  order: 4;
}
.PF-order-0 {
  order: 0;
}
.PF-order-1 {
  order: 1;
}
.PF-order-2 {
  order: 2;
}
.PF-order-3 {
  order: 3;
}
@media (min-width: 60em) {
  .mobile_SP_PF-container,
  .PF-container-fluid {
    width: 100%;
    margin-right: auto;
    margin-left: auto;
    padding-right: var(--bs-gutter-x, calc(1em / 2));
    padding-left: var(--bs-gutter-x, calc(1em / 2));
  }
  .PF-container,
  .mobile_SP_PF-container-fluid {
    width: 100%;
    margin-right: auto;
    margin-left: auto;
    padding-right: var(--bs-gutter-x, calc(1em / 2));
    padding-left: var(--bs-gutter-x, calc(1em / 2));
  }
  .mobile_SP_PF-container-mobile {
    width: 100%;
    margin-right: auto;
    margin-left: auto;
    padding-right: var(--bs-gutter-x, calc(1em / 2));
    padding-left: var(--bs-gutter-x, calc(1em / 2));
    max-width: 20em;
  }
  .mobile_SP_PF-container-tablet {
    width: 100%;
    margin-right: auto;
    margin-left: auto;
    padding-right: var(--bs-gutter-x, calc(1em / 2));
    padding-left: var(--bs-gutter-x, calc(1em / 2));
    max-width: 40em;
  }
  .mobile_SP_PF-container-desktop {
    width: 100%;
    margin-right: auto;
    margin-left: auto;
    padding-right: var(--bs-gutter-x, calc(1em / 2));
    padding-left: var(--bs-gutter-x, calc(1em / 2));
    max-width: 60em;
  }
  @media (min-width: 60em) {
    .mobile_SP_PF-container {
      max-width: 20em;
    }
  }
  @media (min-width: 80em) {
    .mobile_SP_PF-container {
      max-width: 40em;
    }
  }
  @media (min-width: 120em) {
    .mobile_SP_PF-container {
      max-width: 60em;
    }
  }
  .mobile_SP_PF-row {
    --bs-gutter-x: 1em;
    --bs-gutter-y: 0;
    display: flex;
    flex-wrap: wrap;
    margin-top: calc(var(--bs-gutter-y) * -1);
    margin-right: calc(var(--bs-gutter-x) / -2);
    margin-left: calc(var(--bs-gutter-x) / -2);
  }
  .mobile_SP_PF-row > * {
    box-sizing: border-box;
    flex-shrink: 0;
    width: 100%;
    max-width: 100%;
    padding-right: calc(var(--bs-gutter-x) / 2);
    padding-left: calc(var(--bs-gutter-x) / 2);
    margin-top: var(--bs-gutter-y);
  }
  .mobile_SP_PF-col {
    flex: 1 0 0%;
  }
  .mobile_SP_PF-row-cols-auto > * {
    flex: 0 0 auto;
    width: auto;
  }
  .mobile_SP_PF-row-cols-1 > * {
    flex: 0 0 auto;
    width: 100%;
  }
  .mobile_SP_PF-col-auto {
    flex: 0 0 auto;
    width: auto;
  }
  .mobile_SP_PF-col-1 {
    flex: 0 0 auto;
    width: 33.333333333333336%;
  }
  .mobile_SP_PF-col-2 {
    flex: 0 0 auto;
    width: 66.66666666666667%;
  }
  .mobile_SP_PF-col-3 {
    flex: 0 0 auto;
    width: 100%;
  }
  .mobile_SP_PF-offset-0 {
    margin-left: 0%;
  }
  .mobile_SP_PF-offset-1 {
    margin-left: 33.333333333333336%;
  }
  .mobile_SP_PF-offset-2 {
    margin-left: 66.66666666666667%;
  }
  .mobile_SP_PF-g-0,
  .PF-gx-0 {
    --bs-gutter-x: 0;
  }
  .PF-g-0,
  .mobile_SP_PF-gx-0 {
    --bs-gutter-x: 0;
  }
  .mobile_SP_PF-g-0,
  .PF-gy-0 {
    --bs-gutter-y: 0;
  }
  .PF-g-0,
  .mobile_SP_PF-gy-0 {
    --bs-gutter-y: 0;
  }
  .mobile_SP_PF-order-first {
    order: -1;
  }
  .mobile_SP_PF-order-last {
    order: 4;
  }
  .mobile_SP_PF-order-0 {
    order: 0;
  }
  .mobile_SP_PF-order-1 {
    order: 1;
  }
  .mobile_SP_PF-order-2 {
    order: 2;
  }
  .mobile_SP_PF-order-3 {
    order: 3;
  }
}
@media (min-width: 80em) {
  .tablet_SP_PF-container,
  .PF-container-fluid {
    width: 100%;
    margin-right: auto;
    margin-left: auto;
    padding-right: var(--bs-gutter-x, calc(1em / 2));
    padding-left: var(--bs-gutter-x, calc(1em / 2));
  }
  .PF-container,
  .tablet_SP_PF-container-fluid {
    width: 100%;
    margin-right: auto;
    margin-left: auto;
    padding-right: var(--bs-gutter-x, calc(1em / 2));
    padding-left: var(--bs-gutter-x, calc(1em / 2));
  }
  .tablet_SP_PF-container-mobile {
    width: 100%;
    margin-right: auto;
    margin-left: auto;
    padding-right: var(--bs-gutter-x, calc(1em / 2));
    padding-left: var(--bs-gutter-x, calc(1em / 2));
    max-width: 20em;
  }
  .tablet_SP_PF-container-tablet {
    width: 100%;
    margin-right: auto;
    margin-left: auto;
    padding-right: var(--bs-gutter-x, calc(1em / 2));
    padding-left: var(--bs-gutter-x, calc(1em / 2));
    max-width: 40em;
  }
  .tablet_SP_PF-container-desktop {
    width: 100%;
    margin-right: auto;
    margin-left: auto;
    padding-right: var(--bs-gutter-x, calc(1em / 2));
    padding-left: var(--bs-gutter-x, calc(1em / 2));
    max-width: 60em;
  }
  @media (min-width: 60em) {
    .tablet_SP_PF-container {
      max-width: 20em;
    }
  }
  @media (min-width: 80em) {
    .tablet_SP_PF-container {
      max-width: 40em;
    }
  }
  @media (min-width: 120em) {
    .tablet_SP_PF-container {
      max-width: 60em;
    }
  }
  .tablet_SP_PF-row {
    --bs-gutter-x: 1em;
    --bs-gutter-y: 0;
    display: flex;
    flex-wrap: wrap;
    margin-top: calc(var(--bs-gutter-y) * -1);
    margin-right: calc(var(--bs-gutter-x) / -2);
    margin-left: calc(var(--bs-gutter-x) / -2);
  }
  .tablet_SP_PF-row > * {
    box-sizing: border-box;
    flex-shrink: 0;
    width: 100%;
    max-width: 100%;
    padding-right: calc(var(--bs-gutter-x) / 2);
    padding-left: calc(var(--bs-gutter-x) / 2);
    margin-top: var(--bs-gutter-y);
  }
  .tablet_SP_PF-col {
    flex: 1 0 0%;
  }
  .tablet_SP_PF-row-cols-auto > * {
    flex: 0 0 auto;
    width: auto;
  }
  .tablet_SP_PF-row-cols-1 > * {
    flex: 0 0 auto;
    width: 100%;
  }
  .tablet_SP_PF-col-auto {
    flex: 0 0 auto;
    width: auto;
  }
  .tablet_SP_PF-col-1 {
    flex: 0 0 auto;
    width: 33.333333333333336%;
  }
  .tablet_SP_PF-col-2 {
    flex: 0 0 auto;
    width: 66.66666666666667%;
  }
  .tablet_SP_PF-col-3 {
    flex: 0 0 auto;
    width: 100%;
  }
  .tablet_SP_PF-offset-0 {
    margin-left: 0%;
  }
  .tablet_SP_PF-offset-1 {
    margin-left: 33.333333333333336%;
  }
  .tablet_SP_PF-offset-2 {
    margin-left: 66.66666666666667%;
  }
  .tablet_SP_PF-g-0,
  .PF-gx-0 {
    --bs-gutter-x: 0;
  }
  .PF-g-0,
  .tablet_SP_PF-gx-0 {
    --bs-gutter-x: 0;
  }
  .tablet_SP_PF-g-0,
  .PF-gy-0 {
    --bs-gutter-y: 0;
  }
  .PF-g-0,
  .tablet_SP_PF-gy-0 {
    --bs-gutter-y: 0;
  }
  .tablet_SP_PF-order-first {
    order: -1;
  }
  .tablet_SP_PF-order-last {
    order: 4;
  }
  .tablet_SP_PF-order-0 {
    order: 0;
  }
  .tablet_SP_PF-order-1 {
    order: 1;
  }
  .tablet_SP_PF-order-2 {
    order: 2;
  }
  .tablet_SP_PF-order-3 {
    order: 3;
  }
}
@media (min-width: 120em) {
  .desktop_SP_PF-container,
  .PF-container-fluid {
    width: 100%;
    margin-right: auto;
    margin-left: auto;
    padding-right: var(--bs-gutter-x, calc(1em / 2));
    padding-left: var(--bs-gutter-x, calc(1em / 2));
  }
  .PF-container,
  .desktop_SP_PF-container-fluid {
    width: 100%;
    margin-right: auto;
    margin-left: auto;
    padding-right: var(--bs-gutter-x, calc(1em / 2));
    padding-left: var(--bs-gutter-x, calc(1em / 2));
  }
  .desktop_SP_PF-container-mobile {
    width: 100%;
    margin-right: auto;
    margin-left: auto;
    padding-right: var(--bs-gutter-x, calc(1em / 2));
    padding-left: var(--bs-gutter-x, calc(1em / 2));
    max-width: 20em;
  }
  .desktop_SP_PF-container-tablet {
    width: 100%;
    margin-right: auto;
    margin-left: auto;
    padding-right: var(--bs-gutter-x, calc(1em / 2));
    padding-left: var(--bs-gutter-x, calc(1em / 2));
    max-width: 40em;
  }
  .desktop_SP_PF-container-desktop {
    width: 100%;
    margin-right: auto;
    margin-left: auto;
    padding-right: var(--bs-gutter-x, calc(1em / 2));
    padding-left: var(--bs-gutter-x, calc(1em / 2));
    max-width: 60em;
  }
  @media (min-width: 60em) {
    .desktop_SP_PF-container {
      max-width: 20em;
    }
  }
  @media (min-width: 80em) {
    .desktop_SP_PF-container {
      max-width: 40em;
    }
  }
  @media (min-width: 120em) {
    .desktop_SP_PF-container {
      max-width: 60em;
    }
  }
  .desktop_SP_PF-row {
    --bs-gutter-x: 1em;
    --bs-gutter-y: 0;
    display: flex;
    flex-wrap: wrap;
    margin-top: calc(var(--bs-gutter-y) * -1);
    margin-right: calc(var(--bs-gutter-x) / -2);
    margin-left: calc(var(--bs-gutter-x) / -2);
  }
  .desktop_SP_PF-row > * {
    box-sizing: border-box;
    flex-shrink: 0;
    width: 100%;
    max-width: 100%;
    padding-right: calc(var(--bs-gutter-x) / 2);
    padding-left: calc(var(--bs-gutter-x) / 2);
    margin-top: var(--bs-gutter-y);
  }
  .desktop_SP_PF-col {
    flex: 1 0 0%;
  }
  .desktop_SP_PF-row-cols-auto > * {
    flex: 0 0 auto;
    width: auto;
  }
  .desktop_SP_PF-row-cols-1 > * {
    flex: 0 0 auto;
    width: 100%;
  }
  .desktop_SP_PF-col-auto {
    flex: 0 0 auto;
    width: auto;
  }
  .desktop_SP_PF-col-1 {
    flex: 0 0 auto;
    width: 33.333333333333336%;
  }
  .desktop_SP_PF-col-2 {
    flex: 0 0 auto;
    width: 66.66666666666667%;
  }
  .desktop_SP_PF-col-3 {
    flex: 0 0 auto;
    width: 100%;
  }
  .desktop_SP_PF-offset-0 {
    margin-left: 0%;
  }
  .desktop_SP_PF-offset-1 {
    margin-left: 33.333333333333336%;
  }
  .desktop_SP_PF-offset-2 {
    margin-left: 66.66666666666667%;
  }
  .desktop_SP_PF-g-0,
  .PF-gx-0 {
    --bs-gutter-x: 0;
  }
  .PF-g-0,
  .desktop_SP_PF-gx-0 {
    --bs-gutter-x: 0;
  }
  .desktop_SP_PF-g-0,
  .PF-gy-0 {
    --bs-gutter-y: 0;
  }
  .PF-g-0,
  .desktop_SP_PF-gy-0 {
    --bs-gutter-y: 0;
  }
  .desktop_SP_PF-order-first {
    order: -1;
  }
  .desktop_SP_PF-order-last {
    order: 4;
  }
  .desktop_SP_PF-order-0 {
    order: 0;
  }
  .desktop_SP_PF-order-1 {
    order: 1;
  }
  .desktop_SP_PF-order-2 {
    order: 2;
  }
  .desktop_SP_PF-order-3 {
    order: 3;
  }
}
"
`;
